[24-Jan-2026 11:51:05 UTC] PHP Warning:  Undefined variable $title in C:\Program Files\Ampps\www\mvc2app\app\vistas\inc\header.php on line 15
[24-Jan-2026 11:51:11 UTC] PHP Warning:  Undefined variable $title in C:\Program Files\Ampps\www\mvc2app\app\vistas\inc\header.php on line 15
[24-Jan-2026 11:51:11 UTC] PHP Warning:  Undefined variable $title in C:\Program Files\Ampps\www\mvc2app\app\vistas\inc\header.php on line 15
[24-Jan-2026 11:51:17 UTC] PHP Warning:  Undefined variable $title in C:\Program Files\Ampps\www\mvc2app\app\vistas\inc\header.php on line 15
[24-Jan-2026 11:51:17 UTC] PHP Warning:  Undefined variable $title in C:\Program Files\Ampps\www\mvc2app\app\vistas\inc\header.php on line 15
[24-Jan-2026 11:51:37 UTC] PHP Warning:  Undefined variable $title in C:\Program Files\Ampps\www\mvc2app\app\vistas\inc\header.php on line 15
[24-Jan-2026 11:51:37 UTC] PHP Warning:  Undefined variable $title in C:\Program Files\Ampps\www\mvc2app\app\vistas\inc\header.php on line 15
[24-Jan-2026 11:51:39 UTC] PHP Warning:  Undefined variable $title in C:\Program Files\Ampps\www\mvc2app\app\vistas\inc\header.php on line 15
[24-Jan-2026 12:04:33 UTC] PHP Warning:  Undefined variable $title in C:\Program Files\Ampps\www\mvc2app\app\vistas\inc\header.php on line 15
[24-Jan-2026 12:05:00 UTC] PHP Warning:  Undefined variable $title in C:\Program Files\Ampps\www\mvc2app\app\vistas\inc\header.php on line 15
[24-Jan-2026 12:05:00 UTC] PHP Warning:  Undefined variable $title in C:\Program Files\Ampps\www\mvc2app\app\vistas\inc\header.php on line 15
[24-Jan-2026 12:05:20 UTC] PHP Warning:  Undefined variable $title in C:\Program Files\Ampps\www\mvc2app\app\vistas\inc\header.php on line 15
[24-Jan-2026 12:05:20 UTC] PHP Warning:  Undefined variable $title in C:\Program Files\Ampps\www\mvc2app\app\vistas\inc\header.php on line 15
[24-Jan-2026 12:05:34 UTC] PHP Warning:  Undefined variable $title in C:\Program Files\Ampps\www\mvc2app\app\vistas\inc\header.php on line 15
[24-Jan-2026 12:05:34 UTC] PHP Warning:  Undefined variable $title in C:\Program Files\Ampps\www\mvc2app\app\vistas\inc\header.php on line 15
[24-Jan-2026 12:05:34 UTC] PHP Warning:  Undefined variable $title in C:\Program Files\Ampps\www\mvc2app\app\vistas\inc\header.php on line 15
[24-Jan-2026 12:05:34 UTC] PHP Warning:  Undefined variable $title in C:\Program Files\Ampps\www\mvc2app\app\vistas\inc\header.php on line 15
[24-Jan-2026 12:05:34 UTC] PHP Warning:  Undefined variable $title in C:\Program Files\Ampps\www\mvc2app\app\vistas\inc\header.php on line 15
[24-Jan-2026 12:05:34 UTC] PHP Warning:  Undefined variable $title in C:\Program Files\Ampps\www\mvc2app\app\vistas\inc\header.php on line 15
[24-Jan-2026 12:05:35 UTC] PHP Warning:  Undefined variable $title in C:\Program Files\Ampps\www\mvc2app\app\vistas\inc\header.php on line 15
[24-Jan-2026 12:05:35 UTC] PHP Warning:  Undefined variable $title in C:\Program Files\Ampps\www\mvc2app\app\vistas\inc\header.php on line 15
[24-Jan-2026 12:05:35 UTC] PHP Warning:  Undefined variable $title in C:\Program Files\Ampps\www\mvc2app\app\vistas\inc\header.php on line 15
[24-Jan-2026 12:05:35 UTC] PHP Warning:  Undefined variable $title in C:\Program Files\Ampps\www\mvc2app\app\vistas\inc\header.php on line 15
[24-Jan-2026 12:05:35 UTC] PHP Warning:  Undefined variable $title in C:\Program Files\Ampps\www\mvc2app\app\vistas\inc\header.php on line 15
[24-Jan-2026 12:05:35 UTC] PHP Warning:  Undefined variable $title in C:\Program Files\Ampps\www\mvc2app\app\vistas\inc\header.php on line 15
[24-Jan-2026 12:05:35 UTC] PHP Warning:  Undefined variable $title in C:\Program Files\Ampps\www\mvc2app\app\vistas\inc\header.php on line 15
[24-Jan-2026 12:05:35 UTC] PHP Warning:  Undefined variable $title in C:\Program Files\Ampps\www\mvc2app\app\vistas\inc\header.php on line 15
[24-Jan-2026 12:05:49 UTC] PHP Warning:  Undefined variable $title in C:\Program Files\Ampps\www\mvc2app\app\vistas\inc\header.php on line 15
[24-Jan-2026 12:05:49 UTC] PHP Warning:  Undefined variable $title in C:\Program Files\Ampps\www\mvc2app\app\vistas\inc\header.php on line 15
[24-Jan-2026 12:05:54 UTC] PHP Warning:  Undefined variable $title in C:\Program Files\Ampps\www\mvc2app\app\vistas\inc\header.php on line 15
[24-Jan-2026 12:05:54 UTC] PHP Warning:  Undefined variable $title in C:\Program Files\Ampps\www\mvc2app\app\vistas\inc\header.php on line 15
[24-Jan-2026 12:05:54 UTC] PHP Warning:  Undefined variable $title in C:\Program Files\Ampps\www\mvc2app\app\vistas\inc\header.php on line 15
[24-Jan-2026 12:05:54 UTC] PHP Warning:  Undefined variable $title in C:\Program Files\Ampps\www\mvc2app\app\vistas\inc\header.php on line 15
[24-Jan-2026 12:05:54 UTC] PHP Warning:  Undefined variable $title in C:\Program Files\Ampps\www\mvc2app\app\vistas\inc\header.php on line 15
[24-Jan-2026 12:05:54 UTC] PHP Warning:  Undefined variable $title in C:\Program Files\Ampps\www\mvc2app\app\vistas\inc\header.php on line 15
[24-Jan-2026 12:05:57 UTC] PHP Warning:  Undefined variable $title in C:\Program Files\Ampps\www\mvc2app\app\vistas\inc\header.php on line 15
[24-Jan-2026 12:05:57 UTC] PHP Warning:  Undefined variable $title in C:\Program Files\Ampps\www\mvc2app\app\vistas\inc\header.php on line 15
[24-Jan-2026 12:06:22 UTC] PHP Warning:  Undefined variable $title in C:\Program Files\Ampps\www\mvc2app\app\vistas\inc\header.php on line 15
[24-Jan-2026 12:06:22 UTC] PHP Warning:  Undefined variable $title in C:\Program Files\Ampps\www\mvc2app\app\vistas\inc\header.php on line 15
[24-Jan-2026 12:06:22 UTC] PHP Warning:  Undefined variable $title in C:\Program Files\Ampps\www\mvc2app\app\vistas\inc\header.php on line 15
[24-Jan-2026 12:06:22 UTC] PHP Warning:  Undefined variable $title in C:\Program Files\Ampps\www\mvc2app\app\vistas\inc\header.php on line 15
[24-Jan-2026 12:06:22 UTC] PHP Warning:  Undefined variable $title in C:\Program Files\Ampps\www\mvc2app\app\vistas\inc\header.php on line 15
[24-Jan-2026 12:06:31 UTC] PHP Warning:  Undefined variable $title in C:\Program Files\Ampps\www\mvc2app\app\vistas\inc\header.php on line 15
[24-Jan-2026 12:15:42 UTC] PHP Warning:  Undefined variable $title in C:\Program Files\Ampps\www\tarea\mvc2app\app\vistas\inc\header.php on line 15
[24-Jan-2026 12:15:47 UTC] PHP Warning:  Undefined variable $title in C:\Program Files\Ampps\www\tarea\mvc2app\app\vistas\inc\header.php on line 15
[24-Jan-2026 12:15:47 UTC] PHP Warning:  Undefined variable $title in C:\Program Files\Ampps\www\tarea\mvc2app\app\vistas\inc\header.php on line 15
[24-Jan-2026 12:22:04 UTC] PHP Warning:  Undefined variable $title in C:\Program Files\Ampps\www\tarea\mvc2app\app\vistas\inc\header.php on line 15
[24-Jan-2026 12:22:04 UTC] PHP Warning:  Undefined variable $title in C:\Program Files\Ampps\www\tarea\mvc2app\app\vistas\inc\header.php on line 15
[24-Jan-2026 12:22:06 UTC] PHP Warning:  Undefined variable $title in C:\Program Files\Ampps\www\tarea\mvc2app\app\vistas\inc\header.php on line 15
[24-Jan-2026 12:22:07 UTC] PHP Warning:  Undefined variable $title in C:\Program Files\Ampps\www\tarea\mvc2app\app\vistas\inc\header.php on line 15
[24-Jan-2026 12:22:16 UTC] PHP Warning:  Undefined variable $title in C:\Program Files\Ampps\www\tarea\mvc2app\app\vistas\inc\header.php on line 15
[24-Jan-2026 12:22:16 UTC] PHP Warning:  Undefined variable $title in C:\Program Files\Ampps\www\tarea\mvc2app\app\vistas\inc\header.php on line 15
[24-Jan-2026 12:27:57 UTC] PHP Warning:  Undefined variable $title in C:\Program Files\Ampps\www\tarea\mvc2app\app\vistas\inc\header.php on line 15
[24-Jan-2026 12:28:17 UTC] PHP Warning:  Undefined variable $title in C:\Program Files\Ampps\www\tarea\mvc2app\app\vistas\inc\header.php on line 15
[24-Jan-2026 12:28:17 UTC] PHP Warning:  Undefined variable $title in C:\Program Files\Ampps\www\tarea\mvc2app\app\vistas\inc\header.php on line 15
[25-Jan-2026 15:55:27 UTC] PHP Fatal error:  Uncaught PDOException: SQLSTATE[22001]: String data, right truncated: 1406 Data too long for column 'Clave' at row 1 in C:\Program Files\Ampps\www\DWES\ud5_1\mvc2app\app\librerias\Db.php:58
Stack trace:
#0 C:\Program Files\Ampps\www\DWES\ud5_1\mvc2app\app\librerias\Db.php(58): PDOStatement->execute()
#1 C:\Program Files\Ampps\www\DWES\ud5_1\mvc2app\app\modelos\RestauranteModelo.php(50): App\Librerias\Db->execute()
#2 C:\Program Files\Ampps\www\DWES\ud5_1\mvc2app\app\controladores\Restaurante.php(70): App\Modelos\RestauranteModelo->insertar()
#3 [internal function]: App\Controladores\Restaurante->registrar()
#4 C:\Program Files\Ampps\www\DWES\ud5_1\mvc2app\app\librerias\Core.php(49): call_user_func_array()
#5 C:\Program Files\Ampps\www\DWES\ud5_1\mvc2app\public\index.php(24): App\Librerias\Core->__construct()
#6 {main}
  thrown in C:\Program Files\Ampps\www\DWES\ud5_1\mvc2app\app\librerias\Db.php on line 58
[25-Jan-2026 15:58:58 UTC] PHP Fatal error:  Uncaught PDOException: SQLSTATE[22001]: String data, right truncated: 1406 Data too long for column 'Clave' at row 1 in C:\Program Files\Ampps\www\DWES\ud5_1\mvc2app\app\librerias\Db.php:58
Stack trace:
#0 C:\Program Files\Ampps\www\DWES\ud5_1\mvc2app\app\librerias\Db.php(58): PDOStatement->execute()
#1 C:\Program Files\Ampps\www\DWES\ud5_1\mvc2app\app\modelos\RestauranteModelo.php(50): App\Librerias\Db->execute()
#2 C:\Program Files\Ampps\www\DWES\ud5_1\mvc2app\app\controladores\Restaurante.php(70): App\Modelos\RestauranteModelo->insertar()
#3 [internal function]: App\Controladores\Restaurante->registrar()
#4 C:\Program Files\Ampps\www\DWES\ud5_1\mvc2app\app\librerias\Core.php(49): call_user_func_array()
#5 C:\Program Files\Ampps\www\DWES\ud5_1\mvc2app\public\index.php(24): App\Librerias\Core->__construct()
#6 {main}
  thrown in C:\Program Files\Ampps\www\DWES\ud5_1\mvc2app\app\librerias\Db.php on line 58
[25-Jan-2026 16:00:44 UTC] PHP Fatal error:  Uncaught PDOException: SQLSTATE[22001]: String data, right truncated: 1406 Data too long for column 'Clave' at row 1 in C:\Program Files\Ampps\www\DWES\ud5_1\mvc2app\app\librerias\Db.php:58
Stack trace:
#0 C:\Program Files\Ampps\www\DWES\ud5_1\mvc2app\app\librerias\Db.php(58): PDOStatement->execute()
#1 C:\Program Files\Ampps\www\DWES\ud5_1\mvc2app\app\modelos\RestauranteModelo.php(50): App\Librerias\Db->execute()
#2 C:\Program Files\Ampps\www\DWES\ud5_1\mvc2app\app\controladores\Restaurante.php(70): App\Modelos\RestauranteModelo->insertar()
#3 [internal function]: App\Controladores\Restaurante->registrar()
#4 C:\Program Files\Ampps\www\DWES\ud5_1\mvc2app\app\librerias\Core.php(49): call_user_func_array()
#5 C:\Program Files\Ampps\www\DWES\ud5_1\mvc2app\public\index.php(24): App\Librerias\Core->__construct()
#6 {main}
  thrown in C:\Program Files\Ampps\www\DWES\ud5_1\mvc2app\app\librerias\Db.php on line 58
[25-Jan-2026 16:01:51 UTC] PHP Fatal error:  Uncaught PDOException: SQLSTATE[22001]: String data, right truncated: 1406 Data too long for column 'Clave' at row 1 in C:\Program Files\Ampps\www\DWES\ud5_1\mvc2app\app\librerias\Db.php:58
Stack trace:
#0 C:\Program Files\Ampps\www\DWES\ud5_1\mvc2app\app\librerias\Db.php(58): PDOStatement->execute()
#1 C:\Program Files\Ampps\www\DWES\ud5_1\mvc2app\app\modelos\RestauranteModelo.php(50): App\Librerias\Db->execute()
#2 C:\Program Files\Ampps\www\DWES\ud5_1\mvc2app\app\controladores\Restaurante.php(70): App\Modelos\RestauranteModelo->insertar()
#3 [internal function]: App\Controladores\Restaurante->registrar()
#4 C:\Program Files\Ampps\www\DWES\ud5_1\mvc2app\app\librerias\Core.php(49): call_user_func_array()
#5 C:\Program Files\Ampps\www\DWES\ud5_1\mvc2app\public\index.php(24): App\Librerias\Core->__construct()
#6 {main}
  thrown in C:\Program Files\Ampps\www\DWES\ud5_1\mvc2app\app\librerias\Db.php on line 58
[25-Jan-2026 16:10:08 UTC] PHP Fatal error:  Uncaught PDOException: SQLSTATE[HY000]: General error: 1364 Field 'CodRes' doesn't have a default value in C:\Program Files\Ampps\www\DWES\ud5_1\mvc2app\app\librerias\Db.php:58
Stack trace:
#0 C:\Program Files\Ampps\www\DWES\ud5_1\mvc2app\app\librerias\Db.php(58): PDOStatement->execute()
#1 C:\Program Files\Ampps\www\DWES\ud5_1\mvc2app\app\modelos\RestauranteModelo.php(50): App\Librerias\Db->execute()
#2 C:\Program Files\Ampps\www\DWES\ud5_1\mvc2app\app\controladores\Restaurante.php(70): App\Modelos\RestauranteModelo->insertar()
#3 [internal function]: App\Controladores\Restaurante->registrar()
#4 C:\Program Files\Ampps\www\DWES\ud5_1\mvc2app\app\librerias\Core.php(49): call_user_func_array()
#5 C:\Program Files\Ampps\www\DWES\ud5_1\mvc2app\public\index.php(24): App\Librerias\Core->__construct()
#6 {main}
  thrown in C:\Program Files\Ampps\www\DWES\ud5_1\mvc2app\app\librerias\Db.php on line 58
[25-Jan-2026 16:10:37 UTC] PHP Fatal error:  Uncaught PDOException: SQLSTATE[HY000]: General error: 1364 Field 'CodRes' doesn't have a default value in C:\Program Files\Ampps\www\DWES\ud5_1\mvc2app\app\librerias\Db.php:58
Stack trace:
#0 C:\Program Files\Ampps\www\DWES\ud5_1\mvc2app\app\librerias\Db.php(58): PDOStatement->execute()
#1 C:\Program Files\Ampps\www\DWES\ud5_1\mvc2app\app\modelos\RestauranteModelo.php(50): App\Librerias\Db->execute()
#2 C:\Program Files\Ampps\www\DWES\ud5_1\mvc2app\app\controladores\Restaurante.php(70): App\Modelos\RestauranteModelo->insertar()
#3 [internal function]: App\Controladores\Restaurante->registrar()
#4 C:\Program Files\Ampps\www\DWES\ud5_1\mvc2app\app\librerias\Core.php(49): call_user_func_array()
#5 C:\Program Files\Ampps\www\DWES\ud5_1\mvc2app\public\index.php(24): App\Librerias\Core->__construct()
#6 {main}
  thrown in C:\Program Files\Ampps\www\DWES\ud5_1\mvc2app\app\librerias\Db.php on line 58
[25-Jan-2026 16:11:22 UTC] PHP Fatal error:  Uncaught PDOException: SQLSTATE[HY000]: General error: 1364 Field 'CodRes' doesn't have a default value in C:\Program Files\Ampps\www\DWES\ud5_1\mvc2app\app\librerias\Db.php:58
Stack trace:
#0 C:\Program Files\Ampps\www\DWES\ud5_1\mvc2app\app\librerias\Db.php(58): PDOStatement->execute()
#1 C:\Program Files\Ampps\www\DWES\ud5_1\mvc2app\app\modelos\RestauranteModelo.php(50): App\Librerias\Db->execute()
#2 C:\Program Files\Ampps\www\DWES\ud5_1\mvc2app\app\controladores\Restaurante.php(70): App\Modelos\RestauranteModelo->insertar()
#3 [internal function]: App\Controladores\Restaurante->registrar()
#4 C:\Program Files\Ampps\www\DWES\ud5_1\mvc2app\app\librerias\Core.php(49): call_user_func_array()
#5 C:\Program Files\Ampps\www\DWES\ud5_1\mvc2app\public\index.php(24): App\Librerias\Core->__construct()
#6 {main}
  thrown in C:\Program Files\Ampps\www\DWES\ud5_1\mvc2app\app\librerias\Db.php on line 58
[25-Jan-2026 16:11:38 UTC] PHP Fatal error:  Uncaught PDOException: SQLSTATE[HY000]: General error: 1364 Field 'CodRes' doesn't have a default value in C:\Program Files\Ampps\www\DWES\ud5_1\mvc2app\app\librerias\Db.php:58
Stack trace:
#0 C:\Program Files\Ampps\www\DWES\ud5_1\mvc2app\app\librerias\Db.php(58): PDOStatement->execute()
#1 C:\Program Files\Ampps\www\DWES\ud5_1\mvc2app\app\modelos\RestauranteModelo.php(50): App\Librerias\Db->execute()
#2 C:\Program Files\Ampps\www\DWES\ud5_1\mvc2app\app\controladores\Restaurante.php(70): App\Modelos\RestauranteModelo->insertar()
#3 [internal function]: App\Controladores\Restaurante->registrar()
#4 C:\Program Files\Ampps\www\DWES\ud5_1\mvc2app\app\librerias\Core.php(49): call_user_func_array()
#5 C:\Program Files\Ampps\www\DWES\ud5_1\mvc2app\public\index.php(24): App\Librerias\Core->__construct()
#6 {main}
  thrown in C:\Program Files\Ampps\www\DWES\ud5_1\mvc2app\app\librerias\Db.php on line 58
[25-Jan-2026 16:13:44 UTC] PHP Fatal error:  Uncaught PDOException: SQLSTATE[HY000]: General error: 1364 Field 'CodRes' doesn't have a default value in C:\Program Files\Ampps\www\DWES\ud5_1\mvc2app\app\librerias\Db.php:58
Stack trace:
#0 C:\Program Files\Ampps\www\DWES\ud5_1\mvc2app\app\librerias\Db.php(58): PDOStatement->execute()
#1 C:\Program Files\Ampps\www\DWES\ud5_1\mvc2app\app\modelos\RestauranteModelo.php(70): App\Librerias\Db->execute()
#2 C:\Program Files\Ampps\www\DWES\ud5_1\mvc2app\app\controladores\Restaurante.php(70): App\Modelos\RestauranteModelo->insertar()
#3 [internal function]: App\Controladores\Restaurante->registrar()
#4 C:\Program Files\Ampps\www\DWES\ud5_1\mvc2app\app\librerias\Core.php(49): call_user_func_array()
#5 C:\Program Files\Ampps\www\DWES\ud5_1\mvc2app\public\index.php(24): App\Librerias\Core->__construct()
#6 {main}
  thrown in C:\Program Files\Ampps\www\DWES\ud5_1\mvc2app\app\librerias\Db.php on line 58
